LENOVO@LAPTOP-1TVSHGC8 MINGW64 ~/OneDrive/Desktop/assignment 1/assignment 2 (master)
$ git add .

LENOVO@LAPTOP-1TVSHGC8 MINGW64 ~/OneDrive/Desktop/assignment 1/assignment 2 (master)
$ git commit -m "first commit "
[master (root-commit) ce53998] first commit
 1 file changed, 0 insertions(+), 0 deletions(-)
 create mode 100644 1 st answer.txt

LENOVO@LAPTOP-1TVSHGC8 MINGW64 ~/OneDrive/Desktop/assignment 1/assignment 2 (master)
$ git branch
* master

LENOVO@LAPTOP-1TVSHGC8 MINGW64 ~/OneDrive/Desktop/assignment 1/assignment 2 (master)
$ git checkout -b assignment2
Switched to a new branch 'assignment2'

LENOVO@LAPTOP-1TVSHGC8 MINGW64 ~/OneDrive/Desktop/assignment 1/assignment 2 (assignment2)
$ git remote add origin https://github.com/chandrasekhar95/assignment-1

LENOVO@LAPTOP-1TVSHGC8 MINGW64 ~/OneDrive/Desktop/assignment 1/assignment 2 (assignment2)
$ git add .

LENOVO@LAPTOP-1TVSHGC8 MINGW64 ~/OneDrive/Desktop/assignment 1/assignment 2 (assignment2)
$ git commit -m "new assigment 2"
On branch assignment2
nothing to commit, working tree clean

LENOVO@LAPTOP-1TVSHGC8 MINGW64 ~/OneDrive/Desktop/assignment 1/assignment 2 (assignment2)
$ git push -u origin assignment2
Enumerating objects: 3, done.
Counting objects: 100% (3/3), done.
Writing objects: 100% (3/3), 214 bytes | 214.00 KiB/s, done.
Total 3 (delta 0), reused 0 (delta 0), pack-reused 0
remote:
remote: Create a pull request for 'assignment2' on GitHub by visiting:
remote:      https://github.com/chandrasekhar95/assignment-1/pull/new/assignment2
remote:
To https://github.com/chandrasekhar95/assignment-1
 * [new branch]      assignment2 -> assignment2
branch 'assignment2' set up to track 'origin/assignment2'.

LENOVO@LAPTOP-1TVSHGC8 MINGW64 ~/OneDrive/Desktop/assignment 1/assignment 2 (assignment2)
$
